Run echo "Running strict security audit..."
Running strict security audit...
Audit level: low
┌─────────────────────┬────────────────────────────────────────────────────────┐
│ high                │ Vite Vulnerable to Arbitrary File Read via Vite Dev    │
│                     │ Server WebSocket                                       │
├─────────────────────┼────────────────────────────────────────────────────────┤
│ Package             │ vite                                                   │
├─────────────────────┼────────────────────────────────────────────────────────┤
│ Vulnerable versions │ >=8.0.0 <=8.0.4                                        │
├─────────────────────┼────────────────────────────────────────────────────────┤
│ Patched versions    │ >=8.0.5                                                │
├─────────────────────┼────────────────────────────────────────────────────────┤
│ Paths               │ .>vite                                                 │
├─────────────────────┼────────────────────────────────────────────────────────┤
│ More info           │ https://github.com/advisories/GHSA-p9ff-h696-f583      │
└─────────────────────┴────────────────────────────────────────────────────────┘
┌─────────────────────┬────────────────────────────────────────────────────────┐
│ high                │ Vite: `server.fs.deny` bypassed with queries           │
├─────────────────────┼────────────────────────────────────────────────────────┤
│ Package             │ vite                                                   │
├─────────────────────┼────────────────────────────────────────────────────────┤
│ Vulnerable versions │ >=8.0.0 <=8.0.4                                        │
├─────────────────────┼────────────────────────────────────────────────────────┤
│ Patched versions    │ >=8.0.5                                                │
├─────────────────────┼────────────────────────────────────────────────────────┤
│ Paths               │ .>vite                                                 │
├─────────────────────┼────────────────────────────────────────────────────────┤
│ More info           │ https://github.com/advisories/GHSA-v2wj-q39q-566r      │
└─────────────────────┴────────────────────────────────────────────────────────┘
┌─────────────────────┬────────────────────────────────────────────────────────┐
│ moderate            │ Vite Vulnerable to Path Traversal in Optimized Deps    │
│                     │ `.map` Handling                                        │
├─────────────────────┼────────────────────────────────────────────────────────┤
│ Package             │ vite                                                   │
├─────────────────────┼────────────────────────────────────────────────────────┤
│ Vulnerable versions │ >=8.0.0 <=8.0.4                                        │
├─────────────────────┼────────────────────────────────────────────────────────┤
│ Patched versions    │ >=8.0.5                                                │
├─────────────────────┼────────────────────────────────────────────────────────┤
│ Paths               │ .>vite                                                 │
├─────────────────────┼────────────────────────────────────────────────────────┤
│ More info           │ https://github.com/advisories/GHSA-4w7w-66w2-5vf9      │
└─────────────────────┴────────────────────────────────────────────────────────┘
3 vulnerabilities found
Severity: 1 moderate | 2 high
Error: Process completed with exit code 1.
